// Jest Snapshot v1, https://goo.gl/fbAQLP

exports[`PokemonPage component Debe de hacer match con el snapshot cuandocargan los pokemons 1`] = `
<div>
  <h1>¿Quien es este pokémon?</h1><!-- Todo: img -->
  <pokemon-picture-stub pokemonid="1" showpokemon="false"></pokemon-picture-stub><!-- Todo: Opciones -->
  <pokemon-options-stub pokemons="[object Object],[object Object],[object Object],[object Object]"></pokemon-options-stub>
  <!--v-if-->
</div>
`;

exports[`PokemonPage component Debe hacer match con el snapshot 1`] = `<h1>Espere por favor...</h1>`;
